[toppng.com/remove-background.html]
[backblue.gif]
[fade.gif]
[index.html]
[toppng.com/public/img/favicon.png]
[toppng.com/public/bootstrap-3.4/css/bootstrap.min.css]
[toppng.b-cdn.net/bootstrap-3.4/css/bootstrap-theme.min.css]
[toppng.b-cdn.net/css/main.css]
[stackpath.bootstrapcdn.com/font-awesome/4.7.0/css/font-awesome.min.css]
[toppng.b-cdn.net/css/custom_style.min.css]
[unpkg.com/dropzone@5/dist/min/dropzone.min.7.delayed]
[toppng.com/index.html]
[unpkg.com/dropzone@5.9.3/dist/min/dropzone.min.css]
[pagead2.googlesyndication.com/pagead/js/fb141.txt]
[toppng.com/latest.html]
[toppng.com/ai-photo-enhancer.html]
[toppng.com/premium.html]
[toppng.com/contact-us.html]
[toppng.com/donations.html]
[toppng.com/register.html]
[toppng.com/login.html]
[toppng.b-cdn.net/removebackground/assets/cover-before.jpg]
[toppng.b-cdn.net/removebackground/assets/cover-after.jpg]
[toppng.b-cdn.net/removebackground/assets/signatures.png]
[toppng.com/public/img/logo.png]
[toppng.com/page/about-us.html]
[toppng.com/page/copyright-policy.html]
[toppng.com/page/terms-of-service.html]
[toppng.com/page/Privacy-Policy.html]
[toppng.com/page/dmca.html]
[toppng.com/page/refund-policy.html]
[toppng.b-cdn.net/plugins/jQuery/jquery-3.6.3.min.js]
[toppng.b-cdn.net/js/jquery.easing.1.3.js]
[toppng.b-cdn.net/bootstrap-3.4/js/bootstrap.min.js]
[toppng.b-cdn.net/plugins/fleximages/jquery.flex-images.min.js]
[toppng.b-cdn.net/js/functions.js]
[toppng.b-cdn.net/js/jquery.form.js]
[cdn.jsdelivr.net/npm/lozad/dist/lozad.min.js]
[unpkg.com/dropzone@5/dist/min/dropzone.min.22.delayed]
[unpkg.com/dropzone@5.9.3/dist/min/dropzone.min.js]
[unpkg.com/cocoen/dist/cocoen.24.delayed]
[toppng.com/remove-background.html]
[unpkg.com/cocoen@3.2.0/dist/cocoen.js]
[toppng.com/public/bootstrap-3.4/fonts/glyphicons-halflings-regular.eot]
[toppng.com/public/bootstrap-3.4/fonts/glyphicons-halflings-regulard41d.eot]
[toppng.com/public/bootstrap-3.4/fonts/glyphicons-halflings-regular.woff2]
[toppng.com/public/bootstrap-3.4/fonts/glyphicons-halflings-regular.woff]
[toppng.com/public/bootstrap-3.4/fonts/glyphicons-halflings-regular.ttf]
[toppng.com/public/bootstrap-3.4/css/bootstrap.min.css]
[toppng.b-cdn.net/bootstrap-3.4/css/bootstrap-theme.min.css]
[toppng.com/public/bootstrap-3.4/fonts/glyphicons-halflings-regular.svg]
[toppng.b-cdn.net/img/arrow.png]
[toppng.com/collection/delete-photo.html]
[toppng.b-cdn.net/img/cover.jpg]
[toppng.b-cdn.net/img/header_colors.jpg]
[toppng.b-cdn.net/img/header_cameras.jpg]
[toppng.b-cdn.net/css/main.css]
[stackpath.bootstrapcdn.com/font-awesome/4.7.0/css/font-awesome.min.css]
[toppng.b-cdn.net/img/bg.jpg]
[toppng.b-cdn.net/public/img/png_trans.png]
[toppng.b-cdn.net/css/custom_style.min.css]
[toppng.com/images/cover.png]
[toppng.com/collection/مخطوطة.html]
[toppng.com/collection/2024.html]
[toppng.com/collection/Tree.html]
[toppng.com/collection/Smoke.html]
[toppng.com/collection/Explosion.html]
[toppng.com/collection/Instagram.html]
[toppng.com/collection/YouTube.html]
[toppng.com/collection/Weekend.html]
[toppng.com/collection/Arrow.html]
[toppng.com/collection/Happy Birthday.html]
[toppng.com/collection/Confetti.html]
[toppng.com/collection/facebook.html]
[toppng.com/collection/Paint Splash.html]
[toppng.com/collection/Fire Effect.html]
[toppng.com/collection/cat.html]
[toppng.com/collection/fire-sparkle.html]
[toppng.com/collection/instagram-logo.html]
[toppng.com/collection/4th-july.html]
[toppng.com/collection/birthday-decoration.html]
[toppng.com/collection/back-to-school.html]
[toppng.com/collection/pizza-transparent.html]
[toppng.com/collection/Ice Cream.html]
[toppng.com/collection/abstract.html]
[toppng.com/trends/happy-new-year-2024-background.html]
[toppng.com/trends/new-year-2024-png.html]
[toppng.com/trends/halloween-background-images.html]
[toppng.com/trends/happy-birthday-png.html]
[toppng.com/trends/fire-png.html]
[toppng.com/trends/sparkles-png.html]
[toppng.com/trends/eyes-laser-effect-png.html]
[toppng.com/index.html]
[unpkg.com/dropzone@5.9.3/dist/min/dropzone.min.css]
[toppng.com/latest.html]
[toppng.com/ai-photo-enhancer.html]
[toppng.com/premium.html]
[toppng.com/contact-us.html]
[toppng.com/donations.html]
[toppng.com/register.html]
[toppng.com/login.html]
[toppng.com/page/about-us.html]
[toppng.com/page/copyright-policy.html]
[toppng.com/page/terms-of-service.html]
[toppng.com/page/Privacy-Policy.html]
[toppng.com/page/dmca.html]
[toppng.com/page/refund-policy.html]
[toppng.com/public/bootstrap-3.4/fonts/glyphicons-halflings-regular.svg]
[toppng.com/collection/delete-photo.html]
[toppng.com/collection/مخطوطة.html]
[toppng.com/collection/2024.html]
[toppng.com/collection/Tree.html]
[toppng.com/collection/Smoke.html]
[toppng.com/collection/Explosion.html]
[toppng.com/collection/Instagram.html]
[toppng.com/collection/YouTube.html]
[toppng.com/collection/Weekend.html]
[toppng.com/collection/Arrow.html]
[toppng.com/collection/Happy Birthday.html]
[toppng.com/collection/Confetti.html]
[toppng.com/collection/facebook.html]
[toppng.com/collection/Paint Splash.html]
[toppng.com/collection/Fire Effect.html]
[toppng.com/collection/cat.html]
[toppng.com/collection/fire-sparkle.html]
[toppng.com/collection/instagram-logo.html]
[toppng.com/collection/4th-july.html]
[toppng.com/collection/birthday-decoration.html]
[toppng.com/collection/back-to-school.html]
[toppng.com/collection/pizza-transparent.html]
[toppng.com/collection/Ice Cream.html]
[toppng.com/collection/abstract.html]
[toppng.com/trends/happy-new-year-2024-background.html]
[toppng.com/trends/new-year-2024-png.html]
[toppng.com/trends/halloween-background-images.html]
[toppng.com/trends/happy-birthday-png.html]
[toppng.com/trends/fire-png.html]
[toppng.com/trends/sparkles-png.html]
[toppng.com/trends/eyes-laser-effect-png.html]
[toppng.com/trends/balloon-background.html]
[toppng.com/trends/balloon-background.html]
